[0723/214232.840:ERROR:gpu\command_buffer\service\gl_utils.cc:430] [.WebGL-0x324404b09e00]GL Driver Message (OpenGL, Performance, GL_CLOSE_PATH_NV, High): GPU stall due to ReadPixels
[0723/214419.021:ERROR:gpu\command_buffer\service\gl_utils.cc:430] [.WebGL-0x538c08c79c00]GL Driver Message (OpenGL, Performance, GL_CLOSE_PATH_NV, High): GPU stall due to ReadPixels
[0723/224822.144:ERROR:gpu\ipc\client\command_buffer_proxy_impl.cc:285] ContextResult::kTransientFailure: Failed to send GpuControl.CreateCommandBuffer.
[0723/224822.147:ERROR:gpu\ipc\client\command_buffer_proxy_impl.cc:285] ContextResult::kTransientFailure: Failed to send GpuControl.CreateCommandBuffer.
[0723/224858.378:ERROR:gpu\command_buffer\service\gl_utils.cc:430] [.WebGL-0x2984001c3200]GL Driver Message (OpenGL, Performance, GL_CLOSE_PATH_NV, High): GPU stall due to ReadPixels
[0723/224902.277:ERROR:gpu\command_buffer\service\gl_utils.cc:430] [.WebGL-0x1b1c01fe2600]GL Driver Message (OpenGL, Performance, GL_CLOSE_PATH_NV, High): GPU stall due to ReadPixels
[0723/225148.128:ERROR:gpu\command_buffer\service\gl_utils.cc:430] [.WebGL-0x1b8c001b1e00]GL Driver Message (OpenGL, Performance, GL_CLOSE_PATH_NV, High): GPU stall due to ReadPixels
[0723/230810.537:ERROR:gpu\ipc\client\command_buffer_proxy_impl.cc:285] ContextResult::kTransientFailure: Failed to send GpuControl.CreateCommandBuffer.
[0723/231105.618:ERROR:gpu\command_buffer\service\gl_utils.cc:430] [.WebGL-0x3c140264bc00]GL Driver Message (OpenGL, Performance, GL_CLOSE_PATH_NV, High): GPU stall due to ReadPixels
[0723/231113.490:ERROR:net\socket\tcp_socket_win.cc:1069] connect failed: 10055
[0723/231303.327:ERROR:gpu\command_buffer\service\gl_utils.cc:430] [.WebGL-0x4d6c02954c00]GL Driver Message (OpenGL, Performance, GL_CLOSE_PATH_NV, High): GPU stall due to ReadPixels
[0724/154245.130:ERROR:gpu\command_buffer\service\gl_utils.cc:430] [.WebGL-0x5d2c02a3c800]GL Driver Message (OpenGL, Performance, GL_CLOSE_PATH_NV, High): GPU stall due to ReadPixels
[0724/154245.309:ERROR:gpu\command_buffer\service\gl_utils.cc:430] [.WebGL-0x5d2c02a3c800]GL Driver Message (OpenGL, Performance, GL_CLOSE_PATH_NV, High): GPU stall due to ReadPixels
[0724/154245.534:ERROR:gpu\command_buffer\service\gl_utils.cc:430] [.WebGL-0x5d2c02a3c800]GL Driver Message (OpenGL, Performance, GL_CLOSE_PATH_NV, High): GPU stall due to ReadPixels
[0724/154247.039:ERROR:gpu\command_buffer\service\gl_utils.cc:430] [.WebGL-0x5d2c02a3c800]GL Driver Message (OpenGL, Performance, GL_CLOSE_PATH_NV, High): GPU stall due to ReadPixels (this message will no longer repeat)
[0724/154248.026:ERROR:gpu\command_buffer\service\gl_utils.cc:430] [.WebGL-0x4dc02dd0800]GL Driver Message (OpenGL, Performance, GL_CLOSE_PATH_NV, High): GPU stall due to ReadPixels
[0724/154248.197:ERROR:gpu\command_buffer\service\gl_utils.cc:430] [.WebGL-0x4dc02dd0800]GL Driver Message (OpenGL, Performance, GL_CLOSE_PATH_NV, High): GPU stall due to ReadPixels
[0724/154248.399:ERROR:gpu\command_buffer\service\gl_utils.cc:430] [.WebGL-0x4dc02dd0800]GL Driver Message (OpenGL, Performance, GL_CLOSE_PATH_NV, High): GPU stall due to ReadPixels
[0724/154248.431:ERROR:gpu\command_buffer\service\gl_utils.cc:430] [.WebGL-0x4dc02dd0800]GL Driver Message (OpenGL, Performance, GL_CLOSE_PATH_NV, High): GPU stall due to ReadPixels (this message will no longer repeat)
[0724/154256.656:ERROR:gpu\command_buffer\service\gl_utils.cc:430] [.WebGL-0x3e7c02570e00]GL Driver Message (OpenGL, Performance, GL_CLOSE_PATH_NV, High): GPU stall due to ReadPixels
[0724/154256.837:ERROR:gpu\command_buffer\service\gl_utils.cc:430] [.WebGL-0x3e7c02570e00]GL Driver Message (OpenGL, Performance, GL_CLOSE_PATH_NV, High): GPU stall due to ReadPixels
[0724/154257.084:ERROR:gpu\command_buffer\service\gl_utils.cc:430] [.WebGL-0x3e7c02570e00]GL Driver Message (OpenGL, Performance, GL_CLOSE_PATH_NV, High): GPU stall due to ReadPixels
[0724/154259.014:ERROR:gpu\command_buffer\service\gl_utils.cc:430] [.WebGL-0x3e7c02570e00]GL Driver Message (OpenGL, Performance, GL_CLOSE_PATH_NV, High): GPU stall due to ReadPixels (this message will no longer repeat)
[0724/155316.559:ERROR:gpu\command_buffer\service\gl_utils.cc:430] [.WebGL-0x1224025d5400]GL Driver Message (OpenGL, Performance, GL_CLOSE_PATH_NV, High): GPU stall due to ReadPixels
[0724/155316.707:ERROR:gpu\command_buffer\service\gl_utils.cc:430] [.WebGL-0x1224025d5400]GL Driver Message (OpenGL, Performance, GL_CLOSE_PATH_NV, High): GPU stall due to ReadPixels
[0724/155316.866:ERROR:gpu\command_buffer\service\gl_utils.cc:430] [.WebGL-0x1224025d5400]GL Driver Message (OpenGL, Performance, GL_CLOSE_PATH_NV, High): GPU stall due to ReadPixels
[0724/155316.916:ERROR:gpu\command_buffer\service\gl_utils.cc:430] [.WebGL-0x1224025d5400]GL Driver Message (OpenGL, Performance, GL_CLOSE_PATH_NV, High): GPU stall due to ReadPixels (this message will no longer repeat)
[0724/155327.261:ERROR:gpu\command_buffer\service\gl_utils.cc:430] [.WebGL-0x1dc402388800]GL Driver Message (OpenGL, Performance, GL_CLOSE_PATH_NV, High): GPU stall due to ReadPixels
[0724/155327.352:ERROR:gpu\command_buffer\service\gl_utils.cc:430] [.WebGL-0x1dc402388800]GL Driver Message (OpenGL, Performance, GL_CLOSE_PATH_NV, High): GPU stall due to ReadPixels
[0724/155327.458:ERROR:gpu\command_buffer\service\gl_utils.cc:430] [.WebGL-0x1dc402388800]GL Driver Message (OpenGL, Performance, GL_CLOSE_PATH_NV, High): GPU stall due to ReadPixels
[0724/155327.477:ERROR:gpu\command_buffer\service\gl_utils.cc:430] [.WebGL-0x1dc402388800]GL Driver Message (OpenGL, Performance, GL_CLOSE_PATH_NV, High): GPU stall due to ReadPixels (this message will no longer repeat)
[0724/155335.296:ERROR:gpu\command_buffer\service\gl_utils.cc:430] [.WebGL-0x6ffc02984600]GL Driver Message (OpenGL, Performance, GL_CLOSE_PATH_NV, High): GPU stall due to ReadPixels
[0724/155335.429:ERROR:gpu\command_buffer\service\gl_utils.cc:430] [.WebGL-0x6ffc02984600]GL Driver Message (OpenGL, Performance, GL_CLOSE_PATH_NV, High): GPU stall due to ReadPixels
[0724/155335.633:ERROR:gpu\command_buffer\service\gl_utils.cc:430] [.WebGL-0x6ffc02984600]GL Driver Message (OpenGL, Performance, GL_CLOSE_PATH_NV, High): GPU stall due to ReadPixels
[0724/155335.725:ERROR:gpu\command_buffer\service\gl_utils.cc:430] [.WebGL-0x6ffc02984600]GL Driver Message (OpenGL, Performance, GL_CLOSE_PATH_NV, High): GPU stall due to ReadPixels (this message will no longer repeat)
[0724/155437.727:ERROR:gpu\command_buffer\service\gl_utils.cc:430] [.WebGL-0x17b40234f600]GL Driver Message (OpenGL, Performance, GL_CLOSE_PATH_NV, High): GPU stall due to ReadPixels
[0724/155437.845:ERROR:gpu\command_buffer\service\gl_utils.cc:430] [.WebGL-0x17b40234f600]GL Driver Message (OpenGL, Performance, GL_CLOSE_PATH_NV, High): GPU stall due to ReadPixels
[0724/155438.059:ERROR:gpu\command_buffer\service\gl_utils.cc:430] [.WebGL-0x17b40234f600]GL Driver Message (OpenGL, Performance, GL_CLOSE_PATH_NV, High): GPU stall due to ReadPixels
[0724/155438.175:ERROR:gpu\command_buffer\service\gl_utils.cc:430] [.WebGL-0x17b40234f600]GL Driver Message (OpenGL, Performance, GL_CLOSE_PATH_NV, High): GPU stall due to ReadPixels (this message will no longer repeat)
[0724/170703.119:ERROR:gpu\command_buffer\service\gl_utils.cc:430] [.WebGL-0x73340264ec00]GL Driver Message (OpenGL, Performance, GL_CLOSE_PATH_NV, High): GPU stall due to ReadPixels
[0725/063610.868:ERROR:gpu\command_buffer\service\gl_utils.cc:430] [.WebGL-0x73340264ec00]GL Driver Message (OpenGL, Performance, GL_CLOSE_PATH_NV, High): GPU stall due to ReadPixels
[0725/063611.286:ERROR:gpu\command_buffer\service\gl_utils.cc:430] [.WebGL-0x73340264ec00]GL Driver Message (OpenGL, Performance, GL_CLOSE_PATH_NV, High): GPU stall due to ReadPixels
[0725/063615.025:WARNING:net\dns\dns_config_service_win.cc:609] Failed to read DnsConfig.
[0725/063620.111:WARNING:net\dns\dns_config_service_win.cc:609] Failed to read DnsConfig.
[0725/063621.710:WARNING:net\dns\dns_config_service_win.cc:609] Failed to read DnsConfig.
[0725/063622.101:WARNING:net\dns\dns_config_service_win.cc:609] Failed to read DnsConfig.
[0725/063622.943:WARNING:net\dns\dns_config_service_win.cc:609] Failed to read DnsConfig.
[0725/073945.486:ERROR:gpu\command_buffer\service\gl_utils.cc:430] [.WebGL-0x6ddc03063400]GL Driver Message (OpenGL, Performance, GL_CLOSE_PATH_NV, High): GPU stall due to ReadPixels
[0725/074017.357:ERROR:gpu\command_buffer\service\gl_utils.cc:430] [.WebGL-0x4cd40331ea00]GL Driver Message (OpenGL, Performance, GL_CLOSE_PATH_NV, High): GPU stall due to ReadPixels
[0725/074503.817:ERROR:gpu\command_buffer\service\gl_utils.cc:430] [.WebGL-0x27fc02645c00]GL Driver Message (OpenGL, Performance, GL_CLOSE_PATH_NV, High): GPU stall due to ReadPixels
[0725/074505.742:ERROR:gpu\command_buffer\service\gl_utils.cc:430] [.WebGL-0x27fc02645c00]GL Driver Message (OpenGL, Performance, GL_CLOSE_PATH_NV, High): GPU stall due to ReadPixels
[0725/074505.924:ERROR:gpu\command_buffer\service\gl_utils.cc:430] [.WebGL-0x27fc02645c00]GL Driver Message (OpenGL, Performance, GL_CLOSE_PATH_NV, High): GPU stall due to ReadPixels
[0725/074505.984:ERROR:gpu\command_buffer\service\gl_utils.cc:430] [.WebGL-0x27fc02645c00]GL Driver Message (OpenGL, Performance, GL_CLOSE_PATH_NV, High): GPU stall due to ReadPixels (this message will no longer repeat)
[0725/074514.544:ERROR:gpu\command_buffer\service\gl_utils.cc:430] [.WebGL-0x146402495200]GL Driver Message (OpenGL, Performance, GL_CLOSE_PATH_NV, High): GPU stall due to ReadPixels
[0725/074515.719:ERROR:gpu\command_buffer\service\gl_utils.cc:430] [.WebGL-0x146402495200]GL Driver Message (OpenGL, Performance, GL_CLOSE_PATH_NV, High): GPU stall due to ReadPixels
[0725/074515.806:ERROR:gpu\command_buffer\service\gl_utils.cc:430] [.WebGL-0x146402495200]GL Driver Message (OpenGL, Performance, GL_CLOSE_PATH_NV, High): GPU stall due to ReadPixels
[0725/074515.836:ERROR:gpu\command_buffer\service\gl_utils.cc:430] [.WebGL-0x146402495200]GL Driver Message (OpenGL, Performance, GL_CLOSE_PATH_NV, High): GPU stall due to ReadPixels (this message will no longer repeat)
[0725/075728.942:ERROR:gpu\command_buffer\service\gl_utils.cc:430] [.WebGL-0x337c0256fe00]GL Driver Message (OpenGL, Performance, GL_CLOSE_PATH_NV, High): GPU stall due to ReadPixels
[0725/075739.915:ERROR:gpu\command_buffer\service\gl_utils.cc:430] [.WebGL-0x78ec0243f000]GL Driver Message (OpenGL, Performance, GL_CLOSE_PATH_NV, High): GPU stall due to ReadPixels
[0725/075741.276:ERROR:gpu\command_buffer\service\gl_utils.cc:430] [.WebGL-0x78ec0243f000]GL Driver Message (OpenGL, Performance, GL_CLOSE_PATH_NV, High): GPU stall due to ReadPixels
[0725/075741.419:ERROR:gpu\command_buffer\service\gl_utils.cc:430] [.WebGL-0x78ec0243f000]GL Driver Message (OpenGL, Performance, GL_CLOSE_PATH_NV, High): GPU stall due to ReadPixels
[0725/075741.458:ERROR:gpu\command_buffer\service\gl_utils.cc:430] [.WebGL-0x78ec0243f000]GL Driver Message (OpenGL, Performance, GL_CLOSE_PATH_NV, High): GPU stall due to ReadPixels (this message will no longer repeat)
[0725/080423.840:ERROR:gpu\command_buffer\service\gl_utils.cc:430] [.WebGL-0x5f5c02593a00]GL Driver Message (OpenGL, Performance, GL_CLOSE_PATH_NV, High): GPU stall due to ReadPixels
[0725/080732.746:ERROR:gpu\command_buffer\service\gl_utils.cc:430] [.WebGL-0x20407d3e200]GL Driver Message (OpenGL, Performance, GL_CLOSE_PATH_NV, High): GPU stall due to ReadPixels
[0725/082455.327:ERROR:gpu\command_buffer\service\gl_utils.cc:430] [.WebGL-0x51240279b600]GL Driver Message (OpenGL, Performance, GL_CLOSE_PATH_NV, High): GPU stall due to ReadPixels
[0725/083014.675:ERROR:gpu\command_buffer\service\gl_utils.cc:430] [.WebGL-0x5cf402621200]GL Driver Message (OpenGL, Performance, GL_CLOSE_PATH_NV, High): GPU stall due to ReadPixels
[0725/083151.013:ERROR:gpu\command_buffer\service\gl_utils.cc:430] [.WebGL-0x61c02654800]GL Driver Message (OpenGL, Performance, GL_CLOSE_PATH_NV, High): GPU stall due to ReadPixels
[0725/083154.866:ERROR:gpu\command_buffer\service\gl_utils.cc:430] [.WebGL-0x71ec02398800]GL Driver Message (OpenGL, Performance, GL_CLOSE_PATH_NV, High): GPU stall due to ReadPixels
[0725/083156.830:ERROR:gpu\command_buffer\service\gl_utils.cc:430] [.WebGL-0x71ec02398800]GL Driver Message (OpenGL, Performance, GL_CLOSE_PATH_NV, High): GPU stall due to ReadPixels
[0725/083203.686:ERROR:gpu\command_buffer\service\gl_utils.cc:430] [.WebGL-0x626402992a00]GL Driver Message (OpenGL, Performance, GL_CLOSE_PATH_NV, High): GPU stall due to ReadPixels
[0725/083207.474:ERROR:gpu\command_buffer\service\gl_utils.cc:430] [.WebGL-0x37b401f50800]GL Driver Message (OpenGL, Performance, GL_CLOSE_PATH_NV, High): GPU stall due to ReadPixels
[0725/083209.538:ERROR:gpu\command_buffer\service\gl_utils.cc:430] [.WebGL-0x37b401f50800]GL Driver Message (OpenGL, Performance, GL_CLOSE_PATH_NV, High): GPU stall due to ReadPixels
[0725/083209.803:ERROR:gpu\command_buffer\service\gl_utils.cc:430] [.WebGL-0x37b401f50800]GL Driver Message (OpenGL, Performance, GL_CLOSE_PATH_NV, High): GPU stall due to ReadPixels (this message will no longer repeat)
[0725/095116.679:ERROR:gpu\ipc\client\command_buffer_proxy_impl.cc:285] ContextResult::kTransientFailure: Failed to send GpuControl.CreateCommandBuffer.
[0725/095213.053:ERROR:gpu\ipc\client\command_buffer_proxy_impl.cc:285] ContextResult::kTransientFailure: Failed to send GpuControl.CreateCommandBuffer.
[0725/095213.338:ERROR:gpu\ipc\client\command_buffer_proxy_impl.cc:285] ContextResult::kTransientFailure: Failed to send GpuControl.CreateCommandBuffer.
[0725/095558.686:WARNING:net\spdy\spdy_session.cc:3161] Received HEADERS for invalid stream 9
[0725/095558.688:WARNING:net\spdy\spdy_session.cc:3161] Received HEADERS for invalid stream 13
[0725/095558.695:WARNING:net\spdy\spdy_session.cc:3161] Received HEADERS for invalid stream 9
[0725/095558.702:WARNING:net\spdy\spdy_session.cc:3161] Received HEADERS for invalid stream 15
[0725/095558.702:WARNING:net\spdy\spdy_session.cc:3161] Received HEADERS for invalid stream 19
[0725/095558.702:WARNING:net\spdy\spdy_session.cc:3161] Received HEADERS for invalid stream 23
[0725/095558.702:WARNING:net\spdy\spdy_session.cc:3161] Received HEADERS for invalid stream 19
[0725/095558.702:WARNING:net\spdy\spdy_session.cc:3161] Received HEADERS for invalid stream 11
[0725/095558.709:WARNING:net\spdy\spdy_session.cc:3161] Received HEADERS for invalid stream 11
[0725/095558.709:WARNING:net\spdy\spdy_session.cc:3161] Received HEADERS for invalid stream 9
[0725/095558.709:WARNING:net\spdy\spdy_session.cc:3161] Received HEADERS for invalid stream 11
[0725/095558.710:WARNING:net\spdy\spdy_session.cc:3161] Received HEADERS for invalid stream 13
[0725/095558.710:WARNING:net\spdy\spdy_session.cc:3161] Received HEADERS for invalid stream 17
[0725/095558.710:WARNING:net\spdy\spdy_session.cc:3161] Received HEADERS for invalid stream 17
[0725/095559.089:WARNING:net\spdy\spdy_session.cc:3161] Received HEADERS for invalid stream 19
[0725/095559.089:WARNING:net\spdy\spdy_session.cc:3161] Received HEADERS for invalid stream 21
[0725/095559.089:WARNING:net\spdy\spdy_session.cc:3161] Received HEADERS for invalid stream 15
[0725/095559.089:WARNING:net\spdy\spdy_session.cc:3161] Received HEADERS for invalid stream 13
[0725/095559.092:WARNING:net\spdy\spdy_session.cc:3161] Received HEADERS for invalid stream 23
[0725/095559.092:WARNING:net\spdy\spdy_session.cc:3161] Received HEADERS for invalid stream 25
[0725/095559.092:WARNING:net\spdy\spdy_session.cc:3161] Received HEADERS for invalid stream 21
[0725/095559.092:WARNING:net\spdy\spdy_session.cc:3161] Received HEADERS for invalid stream 15
[0725/095559.095:WARNING:net\spdy\spdy_session.cc:3161] Received HEADERS for invalid stream 25
[0725/095559.095:WARNING:net\spdy\spdy_session.cc:3161] Received HEADERS for invalid stream 17
[0725/095559.096:WARNING:net\spdy\spdy_session.cc:3161] Received HEADERS for invalid stream 29
[0725/095559.096:WARNING:net\spdy\spdy_session.cc:3161] Received HEADERS for invalid stream 23
[0725/095559.096:WARNING:net\spdy\spdy_session.cc:3161] Received HEADERS for invalid stream 21
[0725/095559.100:WARNING:net\spdy\spdy_session.cc:3161] Received HEADERS for invalid stream 25
[0725/095559.100:WARNING:net\spdy\spdy_session.cc:3161] Received HEADERS for invalid stream 27
[0725/095559.100:WARNING:net\spdy\spdy_session.cc:3161] Received HEADERS for invalid stream 29
[0725/095559.105:WARNING:net\spdy\spdy_session.cc:3161] Received HEADERS for invalid stream 27
[0725/095559.297:WARNING:net\spdy\spdy_session.cc:3161] Received HEADERS for invalid stream 31
[0725/095559.297:WARNING:net\spdy\spdy_session.cc:3161] Received HEADERS for invalid stream 31
[0725/095559.297:WARNING:net\spdy\spdy_session.cc:3161] Received HEADERS for invalid stream 29
[0725/095559.297:WARNING:net\spdy\spdy_session.cc:3161] Received HEADERS for invalid stream 31
[0725/095559.313:WARNING:net\spdy\spdy_session.cc:3161] Received HEADERS for invalid stream 27
[0725/095559.313:WARNING:net\spdy\spdy_session.cc:3161] Received HEADERS for invalid stream 33
[0725/095559.313:WARNING:net\spdy\spdy_session.cc:3161] Received HEADERS for invalid stream 35
[0725/095559.313:WARNING:net\spdy\spdy_session.cc:3161] Received HEADERS for invalid stream 35
[0725/095559.491:WARNING:net\spdy\spdy_session.cc:3161] Received HEADERS for invalid stream 33
[0725/095559.491:WARNING:net\spdy\spdy_session.cc:3161] Received HEADERS for invalid stream 33
[0725/095559.491:WARNING:net\spdy\spdy_session.cc:3161] Received HEADERS for invalid stream 39
[0725/095559.496:WARNING:net\spdy\spdy_session.cc:3161] Received HEADERS for invalid stream 39
[0725/095559.496:WARNING:net\spdy\spdy_session.cc:3161] Received HEADERS for invalid stream 37
[0725/095559.497:WARNING:net\spdy\spdy_session.cc:3161] Received HEADERS for invalid stream 41
[0725/095559.698:WARNING:net\spdy\spdy_session.cc:3161] Received HEADERS for invalid stream 49
[0725/095559.698:WARNING:net\spdy\spdy_session.cc:3161] Received HEADERS for invalid stream 47
[0725/095559.698:WARNING:net\spdy\spdy_session.cc:3161] Received HEADERS for invalid stream 41
[0725/095559.698:WARNING:net\spdy\spdy_session.cc:3161] Received HEADERS for invalid stream 39
[0725/095559.699:WARNING:net\spdy\spdy_session.cc:3161] Received HEADERS for invalid stream 37
[0725/095559.699:WARNING:net\spdy\spdy_session.cc:3161] Received HEADERS for invalid stream 45
[0725/095559.699:WARNING:net\spdy\spdy_session.cc:3161] Received HEADERS for invalid stream 43
[0725/095559.699:WARNING:net\spdy\spdy_session.cc:3161] Received HEADERS for invalid stream 47
[0725/095559.699:WARNING:net\spdy\spdy_session.cc:3161] Received HEADERS for invalid stream 63
[0725/095559.699:WARNING:net\spdy\spdy_session.cc:3161] Received HEADERS for invalid stream 37
[0725/095559.699:WARNING:net\spdy\spdy_session.cc:3161] Received HEADERS for invalid stream 45
[0725/095559.699:WARNING:net\spdy\spdy_session.cc:3161] Received HEADERS for invalid stream 73
[0725/095559.699:WARNING:net\spdy\spdy_session.cc:3161] Received HEADERS for invalid stream 43
[0725/095559.702:WARNING:net\spdy\spdy_session.cc:3161] Received HEADERS for invalid stream 45
[0725/095559.707:WARNING:net\spdy\spdy_session.cc:3161] Received HEADERS for invalid stream 59
[0725/095559.711:WARNING:net\spdy\spdy_session.cc:3161] Received HEADERS for invalid stream 71
[0725/095559.711:WARNING:net\spdy\spdy_session.cc:3161] Received HEADERS for invalid stream 75
[0725/095559.902:WARNING:net\spdy\spdy_session.cc:3161] Received HEADERS for invalid stream 63
[0725/095559.915:WARNING:net\spdy\spdy_session.cc:3161] Received HEADERS for invalid stream 49
[0725/095559.915:WARNING:net\spdy\spdy_session.cc:3161] Received HEADERS for invalid stream 47
[0725/095559.917:WARNING:net\spdy\spdy_session.cc:3161] Received HEADERS for invalid stream 71
[0725/095559.921:WARNING:net\spdy\spdy_session.cc:3161] Received HEADERS for invalid stream 89
[0725/095715.137:WARNING:net\spdy\spdy_session.cc:3161] Received HEADERS for invalid stream 5
[0725/095715.167:WARNING:net\spdy\spdy_session.cc:3161] Received HEADERS for invalid stream 13
[0725/095715.202:WARNING:net\spdy\spdy_session.cc:3161] Received HEADERS for invalid stream 7
[0725/095715.225:WARNING:net\spdy\spdy_session.cc:3161] Received HEADERS for invalid stream 9
[0725/095715.225:WARNING:net\spdy\spdy_session.cc:3161] Received HEADERS for invalid stream 15
[0725/095715.247:WARNING:net\spdy\spdy_session.cc:3161] Received HEADERS for invalid stream 9
[0725/095715.247:WARNING:net\spdy\spdy_session.cc:3161] Received HEADERS for invalid stream 11
[0725/095715.247:WARNING:net\spdy\spdy_session.cc:3161] Received HEADERS for invalid stream 7
[0725/095715.402:WARNING:net\spdy\spdy_session.cc:3161] Received HEADERS for invalid stream 13
[0725/095715.402:WARNING:net\spdy\spdy_session.cc:3161] Received HEADERS for invalid stream 11
[0725/095715.419:WARNING:net\spdy\spdy_session.cc:3161] Received HEADERS for invalid stream 9
[0725/095715.429:WARNING:net\spdy\spdy_session.cc:3161] Received HEADERS for invalid stream 11
[0725/095715.473:WARNING:net\spdy\spdy_session.cc:3161] Received HEADERS for invalid stream 15
[0725/095715.505:WARNING:net\spdy\spdy_session.cc:3161] Received HEADERS for invalid stream 7
[0725/095715.574:WARNING:net\spdy\spdy_session.cc:3161] Received HEADERS for invalid stream 13
[0725/095715.616:WARNING:net\spdy\spdy_session.cc:3161] Received HEADERS for invalid stream 15
[0725/095715.658:WARNING:net\spdy\spdy_session.cc:3161] Received HEADERS for invalid stream 17
[0725/095716.110:WARNING:net\spdy\spdy_session.cc:3161] Received HEADERS for invalid stream 23
[0725/095716.405:WARNING:net\spdy\spdy_session.cc:3161] Received HEADERS for invalid stream 17
[0725/095716.405:WARNING:net\spdy\spdy_session.cc:3161] Received HEADERS for invalid stream 17
[0725/095716.534:WARNING:net\spdy\spdy_session.cc:3161] Received HEADERS for invalid stream 21
[0725/095716.669:WARNING:net\spdy\spdy_session.cc:3161] Received HEADERS for invalid stream 19
[0725/095716.776:WARNING:net\spdy\spdy_session.cc:3161] Received HEADERS for invalid stream 29
[0725/095716.934:WARNING:net\spdy\spdy_session.cc:3161] Received HEADERS for invalid stream 27
[0725/101238.848:WARNING:net\spdy\spdy_session.cc:3161] Received HEADERS for invalid stream 11
[0725/101238.852:WARNING:net\spdy\spdy_session.cc:3161] Received HEADERS for invalid stream 13
[0725/101238.869:WARNING:net\spdy\spdy_session.cc:3161] Received HEADERS for invalid stream 23
[0725/101238.873:WARNING:net\spdy\spdy_session.cc:3161] Received HEADERS for invalid stream 19
[0725/101238.879:WARNING:net\spdy\spdy_session.cc:3161] Received HEADERS for invalid stream 9
[0725/101238.884:WARNING:net\spdy\spdy_session.cc:3161] Received HEADERS for invalid stream 11
[0725/101238.885:WARNING:net\spdy\spdy_session.cc:3161] Received HEADERS for invalid stream 17
[0725/101238.885:WARNING:net\spdy\spdy_session.cc:3161] Received HEADERS for invalid stream 19
[0725/101238.898:WARNING:net\spdy\spdy_session.cc:3161] Received HEADERS for invalid stream 23
[0725/101238.898:WARNING:net\spdy\spdy_session.cc:3161] Received HEADERS for invalid stream 21
[0725/101238.914:WARNING:net\spdy\spdy_session.cc:3161] Received HEADERS for invalid stream 15
[0725/101238.920:WARNING:net\spdy\spdy_session.cc:3161] Received HEADERS for invalid stream 9
[0725/101238.920:WARNING:net\spdy\spdy_session.cc:3161] Received HEADERS for invalid stream 15
[0725/101238.938:WARNING:net\spdy\spdy_session.cc:3161] Received HEADERS for invalid stream 9
[0725/101238.950:WARNING:net\spdy\spdy_session.cc:3161] Received HEADERS for invalid stream 13
[0725/101238.973:WARNING:net\spdy\spdy_session.cc:3161] Received HEADERS for invalid stream 17
[0725/101238.973:WARNING:net\spdy\spdy_session.cc:3161] Received HEADERS for invalid stream 19
[0725/101239.032:WARNING:net\spdy\spdy_session.cc:3161] Received HEADERS for invalid stream 21
[0725/101239.046:WARNING:net\spdy\spdy_session.cc:3161] Received HEADERS for invalid stream 23
[0725/101239.054:WARNING:net\spdy\spdy_session.cc:3161] Received HEADERS for invalid stream 15
[0725/101239.085:WARNING:net\spdy\spdy_session.cc:3161] Received HEADERS for invalid stream 25
[0725/101239.089:WARNING:net\spdy\spdy_session.cc:3161] Received HEADERS for invalid stream 25
[0725/101239.095:WARNING:net\spdy\spdy_session.cc:3161] Received HEADERS for invalid stream 27
[0725/101239.095:WARNING:net\spdy\spdy_session.cc:3161] Received HEADERS for invalid stream 17
[0725/101239.115:WARNING:net\spdy\spdy_session.cc:3161] Received HEADERS for invalid stream 27
[0725/101239.116:WARNING:net\spdy\spdy_session.cc:3161] Received HEADERS for invalid stream 29
[0725/101239.128:WARNING:net\spdy\spdy_session.cc:3161] Received HEADERS for invalid stream 11
[0725/101239.128:WARNING:net\spdy\spdy_session.cc:3161] Received HEADERS for invalid stream 21
[0725/101239.136:WARNING:net\spdy\spdy_session.cc:3161] Received HEADERS for invalid stream 13
[0725/101239.150:WARNING:net\spdy\spdy_session.cc:3161] Received HEADERS for invalid stream 29
[0725/101239.165:WARNING:net\spdy\spdy_session.cc:3161] Received HEADERS for invalid stream 29
[0725/101239.165:WARNING:net\spdy\spdy_session.cc:3161] Received HEADERS for invalid stream 27
[0725/101239.165:WARNING:net\spdy\spdy_session.cc:3161] Received HEADERS for invalid stream 25
[0725/101239.171:WARNING:net\spdy\spdy_session.cc:3161] Received HEADERS for invalid stream 31
[0725/101239.175:WARNING:net\spdy\spdy_session.cc:3161] Received HEADERS for invalid stream 31
[0725/101239.198:WARNING:net\spdy\spdy_session.cc:3161] Received HEADERS for invalid stream 33
[0725/101239.349:WARNING:net\spdy\spdy_session.cc:3161] Received HEADERS for invalid stream 39
[0725/101239.385:WARNING:net\spdy\spdy_session.cc:3161] Received HEADERS for invalid stream 37
[0725/101239.585:WARNING:net\spdy\spdy_session.cc:3161] Received HEADERS for invalid stream 41
[0725/101239.586:WARNING:net\spdy\spdy_session.cc:3161] Received HEADERS for invalid stream 35
[0725/101239.592:WARNING:net\spdy\spdy_session.cc:3161] Received HEADERS for invalid stream 33
[0725/101239.601:WARNING:net\spdy\spdy_session.cc:3161] Received HEADERS for invalid stream 35
[0725/101239.741:WARNING:net\spdy\spdy_session.cc:3161] Received HEADERS for invalid stream 47
[0725/101239.741:WARNING:net\spdy\spdy_session.cc:3161] Received HEADERS for invalid stream 49
[0725/101239.896:WARNING:net\spdy\spdy_session.cc:3161] Received HEADERS for invalid stream 37
[0725/101239.908:WARNING:net\spdy\spdy_session.cc:3161] Received HEADERS for invalid stream 39
[0725/101240.034:WARNING:net\spdy\spdy_session.cc:3161] Received HEADERS for invalid stream 43
[0725/101240.052:WARNING:net\spdy\spdy_session.cc:3161] Received HEADERS for invalid stream 41
[0725/101302.722:ERROR:gpu\command_buffer\service\shared_image\shared_image_manager.cc:386] SharedImageManager::ProduceMemory: Trying to Produce a Memory representation from a non-existent mailbox.
[0725/101423.673:WARNING:net\spdy\spdy_session.cc:3161] Received HEADERS for invalid stream 7
[0725/101423.677:WARNING:net\spdy\spdy_session.cc:3161] Received HEADERS for invalid stream 7
[0725/101423.677:WARNING:net\spdy\spdy_session.cc:3161] Received HEADERS for invalid stream 5
[0725/101423.689:WARNING:net\spdy\spdy_session.cc:3161] Received HEADERS for invalid stream 9
[0725/101424.007:WARNING:net\spdy\spdy_session.cc:3161] Received HEADERS for invalid stream 13
[0725/101424.407:WARNING:net\spdy\spdy_session.cc:3161] Received HEADERS for invalid stream 7
[0725/101424.407:WARNING:net\spdy\spdy_session.cc:3161] Received HEADERS for invalid stream 9
[0725/101424.409:WARNING:net\spdy\spdy_session.cc:3161] Received HEADERS for invalid stream 17
[0725/101424.409:WARNING:net\spdy\spdy_session.cc:3161] Received HEADERS for invalid stream 11
[0725/101424.409:WARNING:net\spdy\spdy_session.cc:3161] Received HEADERS for invalid stream 15
[0725/101424.409:WARNING:net\spdy\spdy_session.cc:3161] Received HEADERS for invalid stream 19
[0725/101424.409:WARNING:net\spdy\spdy_session.cc:3161] Received HEADERS for invalid stream 23
[0725/101424.409:WARNING:net\spdy\spdy_session.cc:3161] Received HEADERS for invalid stream 21
[0725/101424.409:WARNING:net\spdy\spdy_session.cc:3161] Received HEADERS for invalid stream 25
[0725/101424.409:WARNING:net\spdy\spdy_session.cc:3161] Received HEADERS for invalid stream 27
[0725/101424.409:WARNING:net\spdy\spdy_session.cc:3161] Received HEADERS for invalid stream 29
[0725/101424.503:WARNING:net\spdy\spdy_session.cc:3161] Received HEADERS for invalid stream 11
[0725/101424.505:WARNING:net\spdy\spdy_session.cc:3161] Received HEADERS for invalid stream 9
[0725/101424.507:WARNING:net\spdy\spdy_session.cc:3161] Received HEADERS for invalid stream 11
[0725/101424.507:WARNING:net\spdy\spdy_session.cc:3161] Received HEADERS for invalid stream 13
[0725/101424.508:WARNING:net\spdy\spdy_session.cc:3161] Received HEADERS for invalid stream 15
[0725/101424.508:WARNING:net\spdy\spdy_session.cc:3161] Received HEADERS for invalid stream 21
[0725/101424.508:WARNING:net\spdy\spdy_session.cc:3161] Received HEADERS for invalid stream 19
[0725/101424.508:WARNING:net\spdy\spdy_session.cc:3161] Received HEADERS for invalid stream 17
[0725/123742.773:WARNING:net\spdy\spdy_session.cc:3161] Received HEADERS for invalid stream 9
[0725/123742.775:WARNING:net\spdy\spdy_session.cc:3161] Received HEADERS for invalid stream 9
[0725/123742.781:WARNING:net\spdy\spdy_session.cc:3161] Received HEADERS for invalid stream 11
[0725/123742.795:WARNING:net\spdy\spdy_session.cc:3161] Received HEADERS for invalid stream 11
[0725/123742.797:WARNING:net\spdy\spdy_session.cc:3161] Received HEADERS for invalid stream 11
[0725/123742.805:WARNING:net\spdy\spdy_session.cc:3161] Received HEADERS for invalid stream 13
[0725/123742.805:WARNING:net\spdy\spdy_session.cc:3161] Received HEADERS for invalid stream 13
[0725/123742.812:WARNING:net\spdy\spdy_session.cc:3161] Received HEADERS for invalid stream 9
[0725/123742.846:WARNING:net\spdy\spdy_session.cc:3161] Received HEADERS for invalid stream 15
[0725/123742.857:WARNING:net\spdy\spdy_session.cc:3161] Received HEADERS for invalid stream 15
[0725/123742.859:WARNING:net\spdy\spdy_session.cc:3161] Received HEADERS for invalid stream 13
[0725/123742.867:WARNING:net\spdy\spdy_session.cc:3161] Received HEADERS for invalid stream 17
[0725/123742.917:WARNING:net\spdy\spdy_session.cc:3161] Received HEADERS for invalid stream 17
[0725/123742.921:WARNING:net\spdy\spdy_session.cc:3161] Received HEADERS for invalid stream 19
[0725/123742.933:WARNING:net\spdy\spdy_session.cc:3161] Received HEADERS for invalid stream 21
[0725/123742.936:WARNING:net\spdy\spdy_session.cc:3161] Received HEADERS for invalid stream 19
[0725/123742.936:WARNING:net\spdy\spdy_session.cc:3161] Received HEADERS for invalid stream 21
[0725/123742.953:WARNING:net\spdy\spdy_session.cc:3161] Received HEADERS for invalid stream 25
[0725/123742.964:WARNING:net\spdy\spdy_session.cc:3161] Received HEADERS for invalid stream 23
[0725/123742.964:WARNING:net\spdy\spdy_session.cc:3161] Received HEADERS for invalid stream 15
[0725/123742.966:WARNING:net\spdy\spdy_session.cc:3161] Received HEADERS for invalid stream 27
[0725/123742.966:WARNING:net\spdy\spdy_session.cc:3161] Received HEADERS for invalid stream 19
[0725/123742.977:WARNING:net\spdy\spdy_session.cc:3161] Received HEADERS for invalid stream 25
[0725/123742.977:WARNING:net\spdy\spdy_session.cc:3161] Received HEADERS for invalid stream 29
[0725/123742.977:WARNING:net\spdy\spdy_session.cc:3161] Received HEADERS for invalid stream 17
[0725/123742.987:WARNING:net\spdy\spdy_session.cc:3161] Received HEADERS for invalid stream 23
[0725/123743.019:WARNING:net\spdy\spdy_session.cc:3161] Received HEADERS for invalid stream 33
[0725/123743.038:WARNING:net\spdy\spdy_session.cc:3161] Received HEADERS for invalid stream 29
[0725/123743.038:WARNING:net\spdy\spdy_session.cc:3161] Received HEADERS for invalid stream 21
[0725/123743.046:WARNING:net\spdy\spdy_session.cc:3161] Received HEADERS for invalid stream 31
[0725/123743.054:WARNING:net\spdy\spdy_session.cc:3161] Received HEADERS for invalid stream 27
[0725/123743.054:WARNING:net\spdy\spdy_session.cc:3161] Received HEADERS for invalid stream 33
[0725/123743.077:WARNING:net\spdy\spdy_session.cc:3161] Received HEADERS for invalid stream 31
[0725/123743.083:WARNING:net\spdy\spdy_session.cc:3161] Received HEADERS for invalid stream 23
[0725/123743.089:WARNING:net\spdy\spdy_session.cc:3161] Received HEADERS for invalid stream 29
[0725/123743.096:WARNING:net\spdy\spdy_session.cc:3161] Received HEADERS for invalid stream 33
[0725/123743.116:WARNING:net\spdy\spdy_session.cc:3161] Received HEADERS for invalid stream 25
[0725/123743.116:WARNING:net\spdy\spdy_session.cc:3161] Received HEADERS for invalid stream 31
[0725/123743.116:WARNING:net\spdy\spdy_session.cc:3161] Received HEADERS for invalid stream 27
[0725/124033.798:WARNING:net\spdy\spdy_session.cc:3161] Received HEADERS for invalid stream 9
[0725/124033.801:WARNING:net\spdy\spdy_session.cc:3161] Received HEADERS for invalid stream 9
[0725/124033.811:WARNING:net\spdy\spdy_session.cc:3161] Received HEADERS for invalid stream 9
[0725/124033.828:WARNING:net\spdy\spdy_session.cc:3161] Received HEADERS for invalid stream 11
[0725/124033.834:WARNING:net\spdy\spdy_session.cc:3161] Received HEADERS for invalid stream 13
[0725/124033.839:WARNING:net\spdy\spdy_session.cc:3161] Received HEADERS for invalid stream 11
[0725/124033.859:WARNING:net\spdy\spdy_session.cc:3161] Received HEADERS for invalid stream 13
[0725/124033.867:WARNING:net\spdy\spdy_session.cc:3161] Received HEADERS for invalid stream 11
[0725/124033.869:WARNING:net\spdy\spdy_session.cc:3161] Received HEADERS for invalid stream 13
[0725/124033.874:WARNING:net\spdy\spdy_session.cc:3161] Received HEADERS for invalid stream 15
[0725/124033.876:WARNING:net\spdy\spdy_session.cc:3161] Received HEADERS for invalid stream 15
[0725/124033.924:WARNING:net\spdy\spdy_session.cc:3161] Received HEADERS for invalid stream 17
[0725/124033.924:WARNING:net\spdy\spdy_session.cc:3161] Received HEADERS for invalid stream 19
[0725/124033.932:WARNING:net\spdy\spdy_session.cc:3161] Received HEADERS for invalid stream 17
[0725/124033.932:WARNING:net\spdy\spdy_session.cc:3161] Received HEADERS for invalid stream 19
[0725/124033.956:WARNING:net\spdy\spdy_session.cc:3161] Received HEADERS for invalid stream 15
[0725/124033.977:WARNING:net\spdy\spdy_session.cc:3161] Received HEADERS for invalid stream 19
[0725/124033.988:WARNING:net\spdy\spdy_session.cc:3161] Received HEADERS for invalid stream 17
[0805/125604.623:WARNING:net\spdy\spdy_session.cc:3161] Received HEADERS for invalid stream 9
[0805/125604.631:WARNING:net\spdy\spdy_session.cc:3161] Received HEADERS for invalid stream 9
[0805/125604.649:WARNING:net\spdy\spdy_session.cc:3161] Received HEADERS for invalid stream 13
[0805/125604.652:WARNING:net\spdy\spdy_session.cc:3161] Received HEADERS for invalid stream 11
[0805/125604.659:WARNING:net\spdy\spdy_session.cc:3161] Received HEADERS for invalid stream 19
[0805/125604.664:WARNING:net\spdy\spdy_session.cc:3161] Received HEADERS for invalid stream 11
[0805/125604.748:WARNING:net\spdy\spdy_session.cc:3161] Received HEADERS for invalid stream 13
[0805/125604.748:WARNING:net\spdy\spdy_session.cc:3161] Received HEADERS for invalid stream 17
[0805/125604.748:WARNING:net\spdy\spdy_session.cc:3161] Received HEADERS for invalid stream 13
[0805/125604.748:WARNING:net\spdy\spdy_session.cc:3161] Received HEADERS for invalid stream 17
[0805/125604.748:WARNING:net\spdy\spdy_session.cc:3161] Received HEADERS for invalid stream 15
[0805/125604.748:WARNING:net\spdy\spdy_session.cc:3161] Received HEADERS for invalid stream 19
[0805/125604.748:WARNING:net\spdy\spdy_session.cc:3161] Received HEADERS for invalid stream 19
[0805/125604.757:WARNING:net\spdy\spdy_session.cc:3161] Received HEADERS for invalid stream 15
[0805/125604.769:WARNING:net\spdy\spdy_session.cc:3161] Received HEADERS for invalid stream 11
[0805/125604.769:WARNING:net\spdy\spdy_session.cc:3161] Received HEADERS for invalid stream 15
[0805/125604.778:WARNING:net\spdy\spdy_session.cc:3161] Received HEADERS for invalid stream 9
[0805/125604.779:WARNING:net\spdy\spdy_session.cc:3161] Received HEADERS for invalid stream 17
[0805/125604.780:WARNING:net\spdy\spdy_session.cc:3161] Received HEADERS for invalid stream 21
[0805/125604.781:WARNING:net\spdy\spdy_session.cc:3161] Received HEADERS for invalid stream 21
[0805/125604.811:WARNING:net\spdy\spdy_session.cc:3161] Received HEADERS for invalid stream 21
[0805/125604.811:WARNING:net\spdy\spdy_session.cc:3161] Received HEADERS for invalid stream 23
[0805/125604.866:WARNING:net\spdy\spdy_session.cc:3161] Received HEADERS for invalid stream 25
[0805/125604.866:WARNING:net\spdy\spdy_session.cc:3161] Received HEADERS for invalid stream 23
[0805/125604.869:WARNING:net\spdy\spdy_session.cc:3161] Received HEADERS for invalid stream 23
[0805/125604.882:WARNING:net\spdy\spdy_session.cc:3161] Received HEADERS for invalid stream 31
[0805/125604.882:WARNING:net\spdy\spdy_session.cc:3161] Received HEADERS for invalid stream 25
[0805/125604.882:WARNING:net\spdy\spdy_session.cc:3161] Received HEADERS for invalid stream 29
[0805/125604.889:WARNING:net\spdy\spdy_session.cc:3161] Received HEADERS for invalid stream 25
[0805/125604.889:WARNING:net\spdy\spdy_session.cc:3161] Received HEADERS for invalid stream 27
[0805/125604.895:WARNING:net\spdy\spdy_session.cc:3161] Received HEADERS for invalid stream 31
[0805/125604.895:WARNING:net\spdy\spdy_session.cc:3161] Received HEADERS for invalid stream 33
[0805/125604.895:WARNING:net\spdy\spdy_session.cc:3161] Received HEADERS for invalid stream 27
[0805/125604.895:WARNING:net\spdy\spdy_session.cc:3161] Received HEADERS for invalid stream 29
[0805/125604.912:WARNING:net\spdy\spdy_session.cc:3161] Received HEADERS for invalid stream 35
[0805/125604.912:WARNING:net\spdy\spdy_session.cc:3161] Received HEADERS for invalid stream 27
[0805/125604.912:WARNING:net\spdy\spdy_session.cc:3161] Received HEADERS for invalid stream 29
[0805/125604.912:WARNING:net\spdy\spdy_session.cc:3161] Received HEADERS for invalid stream 33
[0805/125604.927:WARNING:net\spdy\spdy_session.cc:3161] Received HEADERS for invalid stream 35
[0805/125604.927:WARNING:net\spdy\spdy_session.cc:3161] Received HEADERS for invalid stream 33
[0805/125604.938:WARNING:net\spdy\spdy_session.cc:3161] Received HEADERS for invalid stream 37
[0805/125606.965:ERROR:gpu\command_buffer\service\shared_image\shared_image_manager.cc:386] SharedImageManager::ProduceMemory: Trying to Produce a Memory representation from a non-existent mailbox.
[0805/125606.966:ERROR:gpu\command_buffer\service\shared_image\shared_image_manager.cc:386] SharedImageManager::ProduceMemory: Trying to Produce a Memory representation from a non-existent mailbox.
[0805/125606.966:ERROR:gpu\command_buffer\service\shared_image\shared_image_manager.cc:386] SharedImageManager::ProduceMemory: Trying to Produce a Memory representation from a non-existent mailbox.
[0805/125606.966:ERROR:gpu\command_buffer\service\shared_image\shared_image_manager.cc:386] SharedImageManager::ProduceMemory: Trying to Produce a Memory representation from a non-existent mailbox.
[0805/125606.966:ERROR:gpu\command_buffer\service\shared_image\shared_image_manager.cc:386] SharedImageManager::ProduceMemory: Trying to Produce a Memory representation from a non-existent mailbox.
[0805/125606.966:ERROR:gpu\command_buffer\service\shared_image\shared_image_manager.cc:386] SharedImageManager::ProduceMemory: Trying to Produce a Memory representation from a non-existent mailbox.
[0805/125606.969:ERROR:gpu\command_buffer\service\shared_image\shared_image_manager.cc:386] SharedImageManager::ProduceMemory: Trying to Produce a Memory representation from a non-existent mailbox.
[0805/125707.369:WARNING:net\spdy\spdy_session.cc:3161] Received HEADERS for invalid stream 9
[0805/125707.374:WARNING:net\spdy\spdy_session.cc:3161] Received HEADERS for invalid stream 7
[0805/125707.379:WARNING:net\spdy\spdy_session.cc:3161] Received HEADERS for invalid stream 7
[0805/125707.380:WARNING:net\spdy\spdy_session.cc:3161] Received HEADERS for invalid stream 5
[0805/125707.382:WARNING:net\spdy\spdy_session.cc:3161] Received HEADERS for invalid stream 13
[0805/125707.382:WARNING:net\spdy\spdy_session.cc:3161] Received HEADERS for invalid stream 11
[0805/125707.408:WARNING:net\spdy\spdy_session.cc:3161] Received HEADERS for invalid stream 11
[0805/125707.408:WARNING:net\spdy\spdy_session.cc:3161] Received HEADERS for invalid stream 7
[0805/125707.408:WARNING:net\spdy\spdy_session.cc:3161] Received HEADERS for invalid stream 11
[0805/125707.436:WARNING:net\spdy\spdy_session.cc:3161] Received HEADERS for invalid stream 9
[0805/125707.488:WARNING:net\spdy\spdy_session.cc:3161] Received HEADERS for invalid stream 9
[0805/125707.505:WARNING:net\spdy\spdy_session.cc:3161] Received HEADERS for invalid stream 13
[0805/125707.505:WARNING:net\spdy\spdy_session.cc:3161] Received HEADERS for invalid stream 15
[0805/125707.651:WARNING:net\spdy\spdy_session.cc:3161] Received HEADERS for invalid stream 13
[0805/125707.651:WARNING:net\spdy\spdy_session.cc:3161] Received HEADERS for invalid stream 15
[0805/125707.651:WARNING:net\spdy\spdy_session.cc:3161] Received HEADERS for invalid stream 17
[0805/125707.651:WARNING:net\spdy\spdy_session.cc:3161] Received HEADERS for invalid stream 19
[0805/125707.658:WARNING:net\spdy\spdy_session.cc:3161] Received HEADERS for invalid stream 15
[0805/125707.658:WARNING:net\spdy\spdy_session.cc:3161] Received HEADERS for invalid stream 17
[0805/125707.659:WARNING:net\spdy\spdy_session.cc:3161] Received HEADERS for invalid stream 21
[0805/125707.794:WARNING:net\spdy\spdy_session.cc:3161] Received HEADERS for invalid stream 19
[0805/125707.794:WARNING:net\spdy\spdy_session.cc:3161] Received HEADERS for invalid stream 17
[0805/125707.795:WARNING:net\spdy\spdy_session.cc:3161] Received HEADERS for invalid stream 19
[0805/125707.909:WARNING:net\spdy\spdy_session.cc:3161] Received HEADERS for invalid stream 21
[0805/135817.475:ERROR:gpu\ipc\client\command_buffer_proxy_impl.cc:285] ContextResult::kTransientFailure: Failed to send GpuControl.CreateCommandBuffer.
[0805/135817.475:ERROR:gpu\ipc\client\command_buffer_proxy_impl.cc:285] ContextResult::kTransientFailure: Failed to send GpuControl.CreateCommandBuffer.
[0805/135915.176:ERROR:gpu\command_buffer\service\shared_image\shared_image_manager.cc:386] SharedImageManager::ProduceMemory: Trying to Produce a Memory representation from a non-existent mailbox.
[0805/135915.176:ERROR:gpu\command_buffer\service\shared_image\shared_image_manager.cc:386] SharedImageManager::ProduceMemory: Trying to Produce a Memory representation from a non-existent mailbox.
[0805/135915.176:ERROR:gpu\command_buffer\service\shared_image\shared_image_manager.cc:386] SharedImageManager::ProduceMemory: Trying to Produce a Memory representation from a non-existent mailbox.
[0805/135915.176:ERROR:gpu\command_buffer\service\shared_image\shared_image_manager.cc:386] SharedImageManager::ProduceMemory: Trying to Produce a Memory representation from a non-existent mailbox.
[0805/135915.176:ERROR:gpu\command_buffer\service\shared_image\shared_image_manager.cc:386] SharedImageManager::ProduceMemory: Trying to Produce a Memory representation from a non-existent mailbox.
[0805/135915.176:ERROR:gpu\command_buffer\service\shared_image\shared_image_manager.cc:386] SharedImageManager::ProduceMemory: Trying to Produce a Memory representation from a non-existent mailbox.
[0805/135915.176:ERROR:gpu\command_buffer\service\shared_image\shared_image_manager.cc:386] SharedImageManager::ProduceMemory: Trying to Produce a Memory representation from a non-existent mailbox.
[0805/135915.176:ERROR:gpu\command_buffer\service\shared_image\shared_image_manager.cc:386] SharedImageManager::ProduceMemory: Trying to Produce a Memory representation from a non-existent mailbox.
[0805/135915.176:ERROR:gpu\command_buffer\service\shared_image\shared_image_manager.cc:386] SharedImageManager::ProduceMemory: Trying to Produce a Memory representation from a non-existent mailbox.
[0805/135933.399:WARNING:net\spdy\spdy_session.cc:3161] Received HEADERS for invalid stream 17
[0805/135933.401:WARNING:net\spdy\spdy_session.cc:3161] Received HEADERS for invalid stream 15
[0805/135933.802:WARNING:net\spdy\spdy_session.cc:3161] Received HEADERS for invalid stream 15
[0805/135933.810:WARNING:net\spdy\spdy_session.cc:3161] Received HEADERS for invalid stream 19
[0805/135933.810:WARNING:net\spdy\spdy_session.cc:3161] Received HEADERS for invalid stream 27
[0805/135933.810:WARNING:net\spdy\spdy_session.cc:3161] Received HEADERS for invalid stream 19
[0805/135933.810:WARNING:net\spdy\spdy_session.cc:3161] Received HEADERS for invalid stream 23
[0805/135933.814:WARNING:net\spdy\spdy_session.cc:3161] Received HEADERS for invalid stream 25
[0805/135933.816:WARNING:net\spdy\spdy_session.cc:3161] Received HEADERS for invalid stream 25
[0805/135933.816:WARNING:net\spdy\spdy_session.cc:3161] Received HEADERS for invalid stream 21
[0805/135933.816:WARNING:net\spdy\spdy_session.cc:3161] Received HEADERS for invalid stream 23
[0805/135934.011:WARNING:net\spdy\spdy_session.cc:3161] Received HEADERS for invalid stream 21
[0805/135934.208:WARNING:net\spdy\spdy_session.cc:3161] Received HEADERS for invalid stream 27
[0805/135934.208:WARNING:net\spdy\spdy_session.cc:3161] Received HEADERS for invalid stream 23
[0805/135934.211:WARNING:net\spdy\spdy_session.cc:3161] Received HEADERS for invalid stream 19
[0805/135934.211:WARNING:net\spdy\spdy_session.cc:3161] Received HEADERS for invalid stream 25
[0805/135934.211:WARNING:net\spdy\spdy_session.cc:3161] Received HEADERS for invalid stream 17
[0805/135934.215:WARNING:net\spdy\spdy_session.cc:3161] Received HEADERS for invalid stream 21
[0805/135957.173:ERROR:gpu\ipc\client\command_buffer_proxy_impl.cc:285] ContextResult::kTransientFailure: Failed to send GpuControl.CreateCommandBuffer.
[0805/135957.448:ERROR:gpu\ipc\client\command_buffer_proxy_impl.cc:285] ContextResult::kTransientFailure: Failed to send GpuControl.CreateCommandBuffer.
[0805/140014.872:WARNING:net\spdy\spdy_session.cc:3161] Received HEADERS for invalid stream 7
[0805/140014.874:WARNING:net\spdy\spdy_session.cc:3161] Received HEADERS for invalid stream 9
[0805/140014.874:WARNING:net\spdy\spdy_session.cc:3161] Received HEADERS for invalid stream 5
[0805/140014.875:WARNING:net\spdy\spdy_session.cc:3161] Received HEADERS for invalid stream 7
[0805/140014.875:WARNING:net\spdy\spdy_session.cc:3161] Received HEADERS for invalid stream 9
[0805/140014.955:WARNING:net\spdy\spdy_session.cc:3161] Received HEADERS for invalid stream 7
[0805/140014.999:WARNING:net\spdy\spdy_session.cc:3161] Received HEADERS for invalid stream 11
[0805/140014.999:WARNING:net\spdy\spdy_session.cc:3161] Received HEADERS for invalid stream 13
[0805/140015.014:WARNING:net\spdy\spdy_session.cc:3161] Received HEADERS for invalid stream 11
[0805/140015.014:WARNING:net\spdy\spdy_session.cc:3161] Received HEADERS for invalid stream 13
[0805/140015.016:WARNING:net\spdy\spdy_session.cc:3161] Received HEADERS for invalid stream 15
[0805/140015.074:WARNING:net\spdy\spdy_session.cc:3161] Received HEADERS for invalid stream 11
[0805/140015.074:WARNING:net\spdy\spdy_session.cc:3161] Received HEADERS for invalid stream 9
[0805/140015.074:WARNING:net\spdy\spdy_session.cc:3161] Received HEADERS for invalid stream 13
[0805/155131.925:ERROR:gpu\ipc\client\command_buffer_proxy_impl.cc:285] ContextResult::kTransientFailure: Failed to send GpuControl.CreateCommandBuffer.
